<html>
<body>
<pre>
<h1>礦ision Build Log</h1>
<h2>Tool Versions:</h2>
IDE-Version: μVision V5.38.0.0
Copyright (C) 2022 ARM Ltd and ARM Germany GmbH. All rights reserved.
License Information: zhou bin, hxzy, LIC=TA39H-WU3W3-F12PT-RFCQA-D5AIR-HATXY
 
Tool Versions:
Toolchain:       MDK-ARM Professional  Version: 5.38.0.0
Toolchain Path:  C:\Keil_v5\ARM\ARMCC\Bin
C Compiler:      Armcc.exe V5.06 update 7 (build 960)
Assembler:       Armasm.exe V5.06 update 7 (build 960)
Linker/Locator:  ArmLink.exe V5.06 update 7 (build 960)
Library Manager: ArmAr.exe V5.06 update 7 (build 960)
Hex Converter:   FromElf.exe V5.06 update 7 (build 960)
CPU DLL:         SARMCM3.DLL V5.38.0.0
Dialog DLL:      DCM.DLL V1.17.5.0
Target DLL:      CMSIS_AGDI.dll V1.33.15.0
Dialog DLL:      TCM.DLL V1.56.4.0
 
<h2>Project:</h2>
E:\3Proj\10 NS208\野火\LVGL\lvgl-code-repository\战舰V4 STM32F103开发板\4，LVGL例程\LVGL例程30 lv_led(灯)\Projects\MDK-ARM\atk_f103.uvprojx
Project File Date:  09/26/2024

<h2>Output:</h2>
*** Using Compiler 'V5.06 update 7 (build 960)', folder: 'C:\Keil_v5\ARM\ARMCC\Bin'
Build target 'LVGL'
compiling lv_port_indev_template.c...
compiling lvgl_demo.c...
compiling lv_port_disp_template.c...
compiling lv_event.c...
compiling lv_disp.c...
compiling lv_group.c...
compiling lv_obj.c...
compiling lv_indev_scroll.c...
compiling lv_indev.c...
compiling lv_obj_class.c...
compiling lv_obj_draw.c...
compiling lv_obj_pos.c...
compiling lv_obj_style.c...
compiling lv_obj_scroll.c...
compiling lv_obj_style_gen.c...
compiling lv_obj_tree.c...
compiling lv_refr.c...
compiling lv_draw.c...
compiling lv_theme.c...
compiling lv_draw_arc.c...
compiling lv_draw_img.c...
compiling lv_draw_label.c...
compiling lv_draw_line.c...
compiling lv_draw_rect.c...
compiling lv_draw_triangle.c...
compiling lv_draw_mask.c...
compiling lv_img_cache.c...
compiling lv_img_buf.c...
compiling lv_draw_sw.c...
compiling lv_img_decoder.c...
compiling lv_draw_sw_dither.c...
compiling lv_draw_sw_arc.c...
compiling lv_draw_sw_blend.c...
compiling lv_draw_sw_img.c...
compiling lv_draw_sw_gradient.c...
compiling lv_draw_sw_letter.c...
compiling lv_draw_sw_polygon.c...
compiling lv_draw_sw_line.c...
compiling lv_flex.c...
compiling lv_draw_sw_rect.c...
compiling lv_grid.c...
compiling lv_snapshot.c...
compiling lv_gridnav.c...
compiling lv_monkey.c...
compiling lv_theme_mono.c...
compiling lv_theme_basic.c...
compiling lv_theme_default.c...
compiling lv_animimg.c...
compiling lv_calendar.c...
compiling lv_calendar_header_arrow.c...
compiling lv_calendar_header_dropdown.c...
compiling lv_imgbtn.c...
compiling lv_colorwheel.c...
compiling lv_chart.c...
compiling lv_keyboard.c...
compiling lv_led.c...
compiling lv_list.c...
compiling lv_menu.c...
compiling lv_meter.c...
compiling lv_msgbox.c...
compiling lv_span.c...
compiling lv_spinbox.c...
compiling lv_spinner.c...
compiling lv_tabview.c...
compiling lv_tileview.c...
compiling lv_win.c...
compiling lv_font.c...
compiling lv_extra.c...
compiling lv_font_fmt_txt.c...
compiling lv_font_dejavu_16_persian_hebrew.c...
compiling lv_font_loader.c...
compiling lv_font_montserrat_10.c...
compiling lv_font_montserrat_12.c...
compiling lv_font_montserrat_8.c...
compiling lv_font_montserrat_12_subpx.c...
compiling lv_font_montserrat_14.c...
compiling lv_font_montserrat_16.c...
compiling lv_font_montserrat_18.c...
compiling lv_font_montserrat_20.c...
compiling lv_font_montserrat_22.c...
compiling lv_font_montserrat_26.c...
compiling lv_font_montserrat_24.c...
compiling lv_font_montserrat_28.c...
compiling lv_font_montserrat_30.c...
compiling lv_font_montserrat_28_compressed.c...
compiling lv_font_montserrat_32.c...
compiling lv_font_montserrat_34.c...
compiling lv_font_montserrat_36.c...
compiling lv_font_montserrat_38.c...
compiling lv_font_montserrat_40.c...
compiling lv_font_montserrat_42.c...
compiling lv_font_montserrat_44.c...
compiling lv_font_montserrat_48.c...
compiling lv_font_montserrat_46.c...
compiling lv_font_simsun_16_cjk.c...
compiling lv_font_unscii_16.c...
compiling lv_font_unscii_8.c...
compiling lv_gpu_stm32_dma2d.c...
compiling lv_draw_sdl_arc.c...
compiling lv_draw_sdl.c...
compiling lv_draw_sdl_bg.c...
compiling lv_draw_sdl_composite.c...
compiling lv_draw_sdl_img.c...
compiling lv_draw_sdl_label.c...
compiling lv_draw_sdl_mask.c...
compiling lv_draw_sdl_line.c...
compiling lv_draw_sdl_polygon.c...
compiling lv_draw_sdl_stack_blur.c...
compiling lv_draw_sdl_rect.c...
compiling lv_draw_sdl_texture_cache.c...
compiling lv_draw_sdl_utils.c...
compiling lv_hal_indev.c...
compiling lv_hal_disp.c...
compiling lv_anim.c...
compiling lv_anim_timeline.c...
compiling lv_area.c...
compiling lv_hal_tick.c...
compiling lv_async.c...
compiling lv_bidi.c...
compiling lv_color.c...
compiling lv_fs.c...
compiling lv_gc.c...
compiling lv_ll.c...
compiling lv_log.c...
compiling lv_lru.c...
compiling lv_math.c...
compiling lv_mem.c...
compiling lv_printf.c...
compiling lv_style.c...
compiling lv_timer.c...
compiling lv_style_gen.c...
compiling lv_tlsf.c...
compiling lv_txt_ap.c...
compiling lv_txt.c...
compiling lv_btn.c...
compiling lv_arc.c...
compiling lv_bar.c...
compiling lv_canvas.c...
compiling lv_btnmatrix.c...
compiling lv_checkbox.c...
compiling lv_img.c...
compiling lv_dropdown.c...
compiling lv_line.c...
compiling lv_label.c...
compiling lv_roller.c...
compiling lv_slider.c...
compiling lv_switch.c...
compiling lv_table.c...
compiling lv_mainstart.c...
compiling lv_textarea.c...
compiling lv_fs_fatfs.c...
compiling myFont14.c...
linking...
Program Size: Code=228642 RO-data=55102 RW-data=848 ZI-data=172720  
FromELF: creating hex file...
"..\..\Output\atk_f103.axf" - 0 Error(s), 0 Warning(s).

<h2>Software Packages used:</h2>

Package Vendor: Keil
                https://www.keil.com/pack/Keil.STM32F1xx_DFP.2.4.1.pack
                Keil.STM32F1xx_DFP.2.4.1
                STMicroelectronics STM32F1 Series Device Support, Drivers and Examples

<h2>Collection of Component include folders:</h2>
  C:/Users/admin/AppData/Local/Arm/Packs/Keil/STM32F1xx_DFP/2.4.1/Device/Include

<h2>Collection of Component Files used:</h2>
Build Time Elapsed:  00:00:14
</pre>
</body>
</html>
